../Core/Src/main.c:107:12:mapSensorToBPM	16	static
../Core/Src/main.c:95:5:main	24	static
../Core/Src/main.c:220:6:SystemClock_Config	88	static
../Core/Src/main.c:266:13:MX_ADC1_Init	24	static
../Core/Src/main.c:318:13:MX_ADC2_Init	24	static
../Core/Src/main.c:370:13:MX_ADC3_Init	24	static
../Core/Src/main.c:422:13:MX_I2C1_Init	8	static
../Core/Src/main.c:456:13:MX_USART2_UART_Init	8	static
../Core/Src/main.c:489:13:MX_GPIO_Init	24	static
../Core/Src/main.c:512:6:Error_Handler	4	static,ignoring_inline_asm
